// Validating benchmarks:
// ***** BenchmarkRunner: Start   *****
// ***** Found 3 benchmark(s) in total *****
// ***** Building 1 exe(s) in Parallel: Start   *****
Unable to find .sln or .csproj file. Will use current directory C:\Develop\.NET\HotelMigrationCache to search for project file. If you don't use .sln file on purpose it should not be a problem.
// start dotnet  restore /p:UseSharedCompilation=false /p:BuildInParallel=false /m:1 /p:Deterministic=true /p:Optimize=true /p:IntermediateOutputPath="C:\Develop\.NET\HotelMigrationCache\src\HotelMigrationCache.Benchmarks\bin\Release\net10.0\343e65d2-f2e5-4799-a5f1-07cdcbaff760\obj\Release\net10.0/" /p:OutDir="C:\Develop\.NET\HotelMigrationCache\src\HotelMigrationCache.Benchmarks\bin\Release\net10.0\343e65d2-f2e5-4799-a5f1-07cdcbaff760\bin\Release\net10.0/" /p:OutputPath="C:\Develop\.NET\HotelMigrationCache\src\HotelMigrationCache.Benchmarks\bin\Release\net10.0\343e65d2-f2e5-4799-a5f1-07cdcbaff760\bin\Release\net10.0/" in C:\Develop\.NET\HotelMigrationCache\src\HotelMigrationCache.Benchmarks\bin\Release\net10.0\343e65d2-f2e5-4799-a5f1-07cdcbaff760
// command took 3.43 sec and exited with 0
// start dotnet  build -c Release --no-restore /p:UseSharedCompilation=false /p:BuildInParallel=false /m:1 /p:Deterministic=true /p:Optimize=true /p:IntermediateOutputPath="C:\Develop\.NET\HotelMigrationCache\src\HotelMigrationCache.Benchmarks\bin\Release\net10.0\343e65d2-f2e5-4799-a5f1-07cdcbaff760\obj\Release\net10.0/" /p:OutDir="C:\Develop\.NET\HotelMigrationCache\src\HotelMigrationCache.Benchmarks\bin\Release\net10.0\343e65d2-f2e5-4799-a5f1-07cdcbaff760\bin\Release\net10.0/" /p:OutputPath="C:\Develop\.NET\HotelMigrationCache\src\HotelMigrationCache.Benchmarks\bin\Release\net10.0\343e65d2-f2e5-4799-a5f1-07cdcbaff760\bin\Release\net10.0/" --output "C:\Develop\.NET\HotelMigrationCache\src\HotelMigrationCache.Benchmarks\bin\Release\net10.0\343e65d2-f2e5-4799-a5f1-07cdcbaff760\bin\Release\net10.0/" in C:\Develop\.NET\HotelMigrationCache\src\HotelMigrationCache.Benchmarks\bin\Release\net10.0\343e65d2-f2e5-4799-a5f1-07cdcbaff760
// command took 11.9 sec and exited with 0
// ***** Done, took 00:00:15 (15.48 sec)   *****
// Found 3 benchmarks:
//   CloudProfileDataSerializationBenchmark.SystemTextJson: DefaultJob
//   CloudProfileDataSerializationBenchmark.GeneratedBinary: DefaultJob
//   CloudProfileDataSerializationBenchmark.GeneratedBinaryPooled: DefaultJob

Setup power plan (GUID: 8c5e7fda-e8bf-4a96-9a85-a6e23a8c635c FriendlyName: Высокая производительность)
// **************************
// Benchmark: CloudProfileDataSerializationBenchmark.SystemTextJson: DefaultJob
// *** Execute ***
// Launch: 1 / 1
// Execute: dotnet 343e65d2-f2e5-4799-a5f1-07cdcbaff760.dll --anonymousPipes 2200 2080 --benchmarkName HotelMigrationCache.Benchmarks.Benchmarks.CloudProfileDataSerializationBenchmark.SystemTextJson --job Default --benchmarkId 0 in C:\Develop\.NET\HotelMigrationCache\src\HotelMigrationCache.Benchmarks\bin\Release\net10.0\343e65d2-f2e5-4799-a5f1-07cdcbaff760\bin\Release\net10.0
// BeforeAnythingElse

// Benchmark Process Environment Information:
// BenchmarkDotNet v0.14.0
// Runtime=.NET 10.0.11 (10.0.1126.37416), X64 RyuJIT AVX2
// GC=Concurrent Workstation
// HardwareIntrinsics=AVX2,AES,BMI1,BMI2,FMA,LZCNT,PCLMUL,POPCNT VectorSize=256
// Job: DefaultJob

OverheadJitting  1: 1 op, 324900.00 ns, 324.9000 us/op
WorkloadJitting  1: 1 op, 34460000.00 ns, 34.4600 ms/op

WorkloadPilot    1: 2 op, 109400.00 ns, 54.7000 us/op
WorkloadPilot    2: 3 op, 27900.00 ns, 9.3000 us/op
WorkloadPilot    3: 4 op, 17400.00 ns, 4.3500 us/op
WorkloadPilot    4: 5 op, 18200.00 ns, 3.6400 us/op
WorkloadPilot    5: 6 op, 17800.00 ns, 2.9667 us/op
WorkloadPilot    6: 7 op, 19800.00 ns, 2.8286 us/op
WorkloadPilot    7: 8 op, 29200.00 ns, 3.6500 us/op
WorkloadPilot    8: 9 op, 22300.00 ns, 2.4778 us/op
WorkloadPilot    9: 10 op, 36600.00 ns, 3.6600 us/op
WorkloadPilot   10: 11 op, 27200.00 ns, 2.4727 us/op
WorkloadPilot   11: 12 op, 29400.00 ns, 2.4500 us/op
WorkloadPilot   12: 13 op, 36000.00 ns, 2.7692 us/op
WorkloadPilot   13: 14 op, 38500.00 ns, 2.7500 us/op
WorkloadPilot   14: 15 op, 40100.00 ns, 2.6733 us/op
WorkloadPilot   15: 16 op, 44100.00 ns, 2.7563 us/op
WorkloadPilot   16: 32 op, 67800.00 ns, 2.1188 us/op
WorkloadPilot   17: 64 op, 130900.00 ns, 2.0453 us/op
WorkloadPilot   18: 128 op, 233100.00 ns, 1.8211 us/op
WorkloadPilot   19: 256 op, 490000.00 ns, 1.9141 us/op
WorkloadPilot   20: 512 op, 899200.00 ns, 1.7563 us/op
WorkloadPilot   21: 1024 op, 1685700.00 ns, 1.6462 us/op
WorkloadPilot   22: 2048 op, 3457700.00 ns, 1.6883 us/op
WorkloadPilot   23: 4096 op, 6975300.00 ns, 1.7030 us/op
WorkloadPilot   24: 8192 op, 15004500.00 ns, 1.8316 us/op
WorkloadPilot   25: 16384 op, 28366900.00 ns, 1.7314 us/op
WorkloadPilot   26: 32768 op, 53420300.00 ns, 1.6303 us/op
WorkloadPilot   27: 65536 op, 130921900.00 ns, 1.9977 us/op
WorkloadPilot   28: 131072 op, 227009100.00 ns, 1.7319 us/op
WorkloadPilot   29: 262144 op, 172993700.00 ns, 659.9186 ns/op
WorkloadPilot   30: 524288 op, 270682900.00 ns, 516.2867 ns/op
WorkloadPilot   31: 1048576 op, 544520900.00 ns, 519.2956 ns/op

WorkloadWarmup   1: 1048576 op, 539513400.00 ns, 514.5201 ns/op
WorkloadWarmup   2: 1048576 op, 542411200.00 ns, 517.2836 ns/op
WorkloadWarmup   3: 1048576 op, 537424500.00 ns, 512.5279 ns/op
WorkloadWarmup   4: 1048576 op, 539752000.00 ns, 514.7476 ns/op
WorkloadWarmup   5: 1048576 op, 540148900.00 ns, 515.1261 ns/op
WorkloadWarmup   6: 1048576 op, 536582200.00 ns, 511.7247 ns/op

// BeforeActualRun
WorkloadActual   1: 1048576 op, 544288400.00 ns, 519.0739 ns/op
WorkloadActual   2: 1048576 op, 557998300.00 ns, 532.1486 ns/op
WorkloadActual   3: 1048576 op, 542027100.00 ns, 516.9173 ns/op
WorkloadActual   4: 1048576 op, 542472600.00 ns, 517.3422 ns/op
WorkloadActual   5: 1048576 op, 539063100.00 ns, 514.0906 ns/op
WorkloadActual   6: 1048576 op, 537857400.00 ns, 512.9408 ns/op
WorkloadActual   7: 1048576 op, 541189200.00 ns, 516.1182 ns/op
WorkloadActual   8: 1048576 op, 547405500.00 ns, 522.0466 ns/op
WorkloadActual   9: 1048576 op, 541189900.00 ns, 516.1189 ns/op
WorkloadActual  10: 1048576 op, 540394700.00 ns, 515.3605 ns/op
WorkloadActual  11: 1048576 op, 538956500.00 ns, 513.9890 ns/op
WorkloadActual  12: 1048576 op, 537709900.00 ns, 512.8001 ns/op
WorkloadActual  13: 1048576 op, 539652700.00 ns, 514.6529 ns/op
WorkloadActual  14: 1048576 op, 539867500.00 ns, 514.8578 ns/op
WorkloadActual  15: 1048576 op, 539493800.00 ns, 514.5014 ns/op

// AfterActualRun
WorkloadResult   1: 1048576 op, 544288400.00 ns, 519.0739 ns/op
WorkloadResult   2: 1048576 op, 542027100.00 ns, 516.9173 ns/op
WorkloadResult   3: 1048576 op, 542472600.00 ns, 517.3422 ns/op
WorkloadResult   4: 1048576 op, 539063100.00 ns, 514.0906 ns/op
WorkloadResult   5: 1048576 op, 537857400.00 ns, 512.9408 ns/op
WorkloadResult   6: 1048576 op, 541189200.00 ns, 516.1182 ns/op
WorkloadResult   7: 1048576 op, 541189900.00 ns, 516.1189 ns/op
WorkloadResult   8: 1048576 op, 540394700.00 ns, 515.3605 ns/op
WorkloadResult   9: 1048576 op, 538956500.00 ns, 513.9890 ns/op
WorkloadResult  10: 1048576 op, 537709900.00 ns, 512.8001 ns/op
WorkloadResult  11: 1048576 op, 539652700.00 ns, 514.6529 ns/op
WorkloadResult  12: 1048576 op, 539867500.00 ns, 514.8578 ns/op
WorkloadResult  13: 1048576 op, 539493800.00 ns, 514.5014 ns/op
// GC:  69 0 0 327156784 1048576
// Threading:  0 0 1048576

// AfterAll
// Benchmark Process 9532 has exited with code 0.

Mean = 515.290 ns, StdErr = 0.498 ns (0.10%), N = 13, StdDev = 1.794 ns
Min = 512.800 ns, Q1 = 514.091 ns, Median = 514.858 ns, Q3 = 516.119 ns, Max = 519.074 ns
IQR = 2.028 ns, LowerFence = 511.048 ns, UpperFence = 519.161 ns
ConfidenceInterval = [513.141 ns; 517.438 ns] (CI 99.9%), Margin = 2.148 ns (0.42% of Mean)
Skewness = 0.47, Kurtosis = 2.27, MValue = 2

// ** Remained 2 (66,7 %) benchmark(s) to run. Estimated finish 2026-09-07 20:52 (0h 0m from now) **
Setup power plan (GUID: 8c5e7fda-e8bf-4a96-9a85-a6e23a8c635c FriendlyName: Высокая производительность)
// **************************
// Benchmark: CloudProfileDataSerializationBenchmark.GeneratedBinary: DefaultJob
// *** Execute ***
// Launch: 1 / 1
// Execute: dotnet 343e65d2-f2e5-4799-a5f1-07cdcbaff760.dll --anonymousPipes 1132 1868 --benchmarkName HotelMigrationCache.Benchmarks.Benchmarks.CloudProfileDataSerializationBenchmark.GeneratedBinary --job Default --benchmarkId 1 in C:\Develop\.NET\HotelMigrationCache\src\HotelMigrationCache.Benchmarks\bin\Release\net10.0\343e65d2-f2e5-4799-a5f1-07cdcbaff760\bin\Release\net10.0
// BeforeAnythingElse

// Benchmark Process Environment Information:
// BenchmarkDotNet v0.14.0
// Runtime=.NET 10.0.11 (10.0.1126.37416), X64 RyuJIT AVX2
// GC=Concurrent Workstation
// HardwareIntrinsics=AVX2,AES,BMI1,BMI2,FMA,LZCNT,PCLMUL,POPCNT VectorSize=256
// Job: DefaultJob

OverheadJitting  1: 1 op, 339700.00 ns, 339.7000 us/op
WorkloadJitting  1: 1 op, 1144900.00 ns, 1.1449 ms/op

OverheadJitting  2: 16 op, 519000.00 ns, 32.4375 us/op
WorkloadJitting  2: 16 op, 531000.00 ns, 33.1875 us/op

WorkloadPilot    1: 16 op, 12700.00 ns, 793.7500 ns/op
WorkloadPilot    2: 32 op, 18900.00 ns, 590.6250 ns/op
WorkloadPilot    3: 64 op, 45300.00 ns, 707.8125 ns/op
WorkloadPilot    4: 128 op, 76300.00 ns, 596.0938 ns/op
WorkloadPilot    5: 256 op, 150500.00 ns, 587.8906 ns/op
WorkloadPilot    6: 512 op, 275800.00 ns, 538.6719 ns/op
WorkloadPilot    7: 1024 op, 487800.00 ns, 476.3672 ns/op
WorkloadPilot    8: 2048 op, 1002900.00 ns, 489.6973 ns/op
WorkloadPilot    9: 4096 op, 2050100.00 ns, 500.5127 ns/op
WorkloadPilot   10: 8192 op, 4071100.00 ns, 496.9604 ns/op
WorkloadPilot   11: 16384 op, 6777100.00 ns, 413.6414 ns/op
WorkloadPilot   12: 32768 op, 12002000.00 ns, 366.2720 ns/op
WorkloadPilot   13: 65536 op, 23090400.00 ns, 352.3315 ns/op
WorkloadPilot   14: 131072 op, 45605400.00 ns, 347.9416 ns/op
WorkloadPilot   15: 262144 op, 90868300.00 ns, 346.6351 ns/op
WorkloadPilot   16: 524288 op, 131588800.00 ns, 250.9857 ns/op
WorkloadPilot   17: 1048576 op, 206638800.00 ns, 197.0661 ns/op
WorkloadPilot   18: 2097152 op, 410772500.00 ns, 195.8716 ns/op
WorkloadPilot   19: 4194304 op, 830801300.00 ns, 198.0785 ns/op

OverheadWarmup   1: 4194304 op, 14547800.00 ns, 3.4685 ns/op
OverheadWarmup   2: 4194304 op, 14853400.00 ns, 3.5413 ns/op
OverheadWarmup   3: 4194304 op, 14616200.00 ns, 3.4848 ns/op
OverheadWarmup   4: 4194304 op, 14529100.00 ns, 3.4640 ns/op
OverheadWarmup   5: 4194304 op, 14726000.00 ns, 3.5110 ns/op
OverheadWarmup   6: 4194304 op, 14562200.00 ns, 3.4719 ns/op

OverheadActual   1: 4194304 op, 14569600.00 ns, 3.4737 ns/op
OverheadActual   2: 4194304 op, 14591400.00 ns, 3.4789 ns/op
OverheadActual   3: 4194304 op, 14496500.00 ns, 3.4562 ns/op
OverheadActual   4: 4194304 op, 15046100.00 ns, 3.5873 ns/op
OverheadActual   5: 4194304 op, 14594900.00 ns, 3.4797 ns/op
OverheadActual   6: 4194304 op, 14726600.00 ns, 3.5111 ns/op
OverheadActual   7: 4194304 op, 14587600.00 ns, 3.4780 ns/op
OverheadActual   8: 4194304 op, 14515000.00 ns, 3.4606 ns/op
OverheadActual   9: 4194304 op, 14543000.00 ns, 3.4673 ns/op
OverheadActual  10: 4194304 op, 14460000.00 ns, 3.4475 ns/op
OverheadActual  11: 4194304 op, 14497600.00 ns, 3.4565 ns/op
OverheadActual  12: 4194304 op, 14821300.00 ns, 3.5337 ns/op
OverheadActual  13: 4194304 op, 15094300.00 ns, 3.5988 ns/op
OverheadActual  14: 4194304 op, 15122700.00 ns, 3.6055 ns/op
OverheadActual  15: 4194304 op, 15310100.00 ns, 3.6502 ns/op

WorkloadWarmup   1: 4194304 op, 822808100.00 ns, 196.1727 ns/op
WorkloadWarmup   2: 4194304 op, 820711800.00 ns, 195.6729 ns/op
WorkloadWarmup   3: 4194304 op, 821146900.00 ns, 195.7767 ns/op
WorkloadWarmup   4: 4194304 op, 823588600.00 ns, 196.3588 ns/op
WorkloadWarmup   5: 4194304 op, 821010800.00 ns, 195.7442 ns/op
WorkloadWarmup   6: 4194304 op, 817135300.00 ns, 194.8202 ns/op
WorkloadWarmup   7: 4194304 op, 829004000.00 ns, 197.6500 ns/op
WorkloadWarmup   8: 4194304 op, 820527300.00 ns, 195.6290 ns/op

// BeforeActualRun
WorkloadActual   1: 4194304 op, 821499600.00 ns, 195.8608 ns/op
WorkloadActual   2: 4194304 op, 817966000.00 ns, 195.0183 ns/op
WorkloadActual   3: 4194304 op, 820065100.00 ns, 195.5188 ns/op
WorkloadActual   4: 4194304 op, 817889300.00 ns, 195.0000 ns/op
WorkloadActual   5: 4194304 op, 822393900.00 ns, 196.0740 ns/op
WorkloadActual   6: 4194304 op, 824473300.00 ns, 196.5698 ns/op
WorkloadActual   7: 4194304 op, 818141600.00 ns, 195.0602 ns/op
WorkloadActual   8: 4194304 op, 824612500.00 ns, 196.6029 ns/op
WorkloadActual   9: 4194304 op, 824298600.00 ns, 196.5281 ns/op
WorkloadActual  10: 4194304 op, 823023400.00 ns, 196.2241 ns/op
WorkloadActual  11: 4194304 op, 830143400.00 ns, 197.9216 ns/op
WorkloadActual  12: 4194304 op, 820970900.00 ns, 195.7347 ns/op
WorkloadActual  13: 4194304 op, 819494700.00 ns, 195.3828 ns/op
WorkloadActual  14: 4194304 op, 825526600.00 ns, 196.8209 ns/op
WorkloadActual  15: 4194304 op, 846307200.00 ns, 201.7754 ns/op

// AfterActualRun
WorkloadResult   1: 4194304 op, 806908200.00 ns, 192.3819 ns/op
WorkloadResult   2: 4194304 op, 803374600.00 ns, 191.5394 ns/op
WorkloadResult   3: 4194304 op, 805473700.00 ns, 192.0399 ns/op
WorkloadResult   4: 4194304 op, 803297900.00 ns, 191.5211 ns/op
WorkloadResult   5: 4194304 op, 807802500.00 ns, 192.5951 ns/op
WorkloadResult   6: 4194304 op, 809881900.00 ns, 193.0909 ns/op
WorkloadResult   7: 4194304 op, 803550200.00 ns, 191.5813 ns/op
WorkloadResult   8: 4194304 op, 810021100.00 ns, 193.1241 ns/op
WorkloadResult   9: 4194304 op, 809707200.00 ns, 193.0492 ns/op
WorkloadResult  10: 4194304 op, 808432000.00 ns, 192.7452 ns/op
WorkloadResult  11: 4194304 op, 815552000.00 ns, 194.4427 ns/op
WorkloadResult  12: 4194304 op, 806379500.00 ns, 192.2559 ns/op
WorkloadResult  13: 4194304 op, 804903300.00 ns, 191.9039 ns/op
WorkloadResult  14: 4194304 op, 810935200.00 ns, 193.3420 ns/op
// GC:  470 0 0 2214592912 4194304
// Threading:  0 0 4194304

// AfterAll
// Benchmark Process 30824 has exited with code 0.

Mean = 192.544 ns, StdErr = 0.222 ns (0.12%), N = 14, StdDev = 0.829 ns
Min = 191.521 ns, Q1 = 191.938 ns, Median = 192.489 ns, Q3 = 193.080 ns, Max = 194.443 ns
IQR = 1.143 ns, LowerFence = 190.224 ns, UpperFence = 194.794 ns
ConfidenceInterval = [191.609 ns; 193.479 ns] (CI 99.9%), Margin = 0.935 ns (0.49% of Mean)
Skewness = 0.56, Kurtosis = 2.56, MValue = 2

// ** Remained 1 (33,3 %) benchmark(s) to run. Estimated finish 2026-09-07 20:52 (0h 0m from now) **
Setup power plan (GUID: 8c5e7fda-e8bf-4a96-9a85-a6e23a8c635c FriendlyName: Высокая производительность)
// **************************
// Benchmark: CloudProfileDataSerializationBenchmark.GeneratedBinaryPooled: DefaultJob
// *** Execute ***
// Launch: 1 / 1
// Execute: dotnet 343e65d2-f2e5-4799-a5f1-07cdcbaff760.dll --anonymousPipes 1924 1904 --benchmarkName HotelMigrationCache.Benchmarks.Benchmarks.CloudProfileDataSerializationBenchmark.GeneratedBinaryPooled --job Default --benchmarkId 2 in C:\Develop\.NET\HotelMigrationCache\src\HotelMigrationCache.Benchmarks\bin\Release\net10.0\343e65d2-f2e5-4799-a5f1-07cdcbaff760\bin\Release\net10.0
// BeforeAnythingElse

// Benchmark Process Environment Information:
// BenchmarkDotNet v0.14.0
// Runtime=.NET 10.0.11 (10.0.1126.37416), X64 RyuJIT AVX2
// GC=Concurrent Workstation
// HardwareIntrinsics=AVX2,AES,BMI1,BMI2,FMA,LZCNT,PCLMUL,POPCNT VectorSize=256
// Job: DefaultJob

OverheadJitting  1: 1 op, 325700.00 ns, 325.7000 us/op
WorkloadJitting  1: 1 op, 1334200.00 ns, 1.3342 ms/op

OverheadJitting  2: 16 op, 527100.00 ns, 32.9438 us/op
WorkloadJitting  2: 16 op, 516500.00 ns, 32.2813 us/op

WorkloadPilot    1: 16 op, 12500.00 ns, 781.2500 ns/op
WorkloadPilot    2: 32 op, 15000.00 ns, 468.7500 ns/op
WorkloadPilot    3: 64 op, 24100.00 ns, 376.5625 ns/op
WorkloadPilot    4: 128 op, 66500.00 ns, 519.5313 ns/op
WorkloadPilot    5: 256 op, 125800.00 ns, 491.4063 ns/op
WorkloadPilot    6: 512 op, 229500.00 ns, 448.2422 ns/op
WorkloadPilot    7: 1024 op, 451700.00 ns, 441.1133 ns/op
WorkloadPilot    8: 2048 op, 812100.00 ns, 396.5332 ns/op
WorkloadPilot    9: 4096 op, 1690100.00 ns, 412.6221 ns/op
WorkloadPilot   10: 8192 op, 3385400.00 ns, 413.2568 ns/op
WorkloadPilot   11: 16384 op, 6813700.00 ns, 415.8752 ns/op
WorkloadPilot   12: 32768 op, 12280700.00 ns, 374.7772 ns/op
WorkloadPilot   13: 65536 op, 23384700.00 ns, 356.8222 ns/op
WorkloadPilot   14: 131072 op, 46457300.00 ns, 354.4411 ns/op
WorkloadPilot   15: 262144 op, 93704600.00 ns, 357.4547 ns/op
WorkloadPilot   16: 524288 op, 124547400.00 ns, 237.5553 ns/op
WorkloadPilot   17: 1048576 op, 179956300.00 ns, 171.6197 ns/op
WorkloadPilot   18: 2097152 op, 361972400.00 ns, 172.6019 ns/op
WorkloadPilot   19: 4194304 op, 724836900.00 ns, 172.8146 ns/op

OverheadWarmup   1: 4194304 op, 15005100.00 ns, 3.5775 ns/op
OverheadWarmup   2: 4194304 op, 14704600.00 ns, 3.5058 ns/op
OverheadWarmup   3: 4194304 op, 14662300.00 ns, 3.4958 ns/op
OverheadWarmup   4: 4194304 op, 14856400.00 ns, 3.5420 ns/op
OverheadWarmup   5: 4194304 op, 14595100.00 ns, 3.4797 ns/op
OverheadWarmup   6: 4194304 op, 14706400.00 ns, 3.5063 ns/op
OverheadWarmup   7: 4194304 op, 14766700.00 ns, 3.5207 ns/op
OverheadWarmup   8: 4194304 op, 14719000.00 ns, 3.5093 ns/op

OverheadActual   1: 4194304 op, 14597600.00 ns, 3.4803 ns/op
OverheadActual   2: 4194304 op, 14651300.00 ns, 3.4931 ns/op
OverheadActual   3: 4194304 op, 14573500.00 ns, 3.4746 ns/op
OverheadActual   4: 4194304 op, 14612400.00 ns, 3.4839 ns/op
OverheadActual   5: 4194304 op, 14578700.00 ns, 3.4758 ns/op
OverheadActual   6: 4194304 op, 14574500.00 ns, 3.4748 ns/op
OverheadActual   7: 4194304 op, 14501900.00 ns, 3.4575 ns/op
OverheadActual   8: 4194304 op, 14596600.00 ns, 3.4801 ns/op
OverheadActual   9: 4194304 op, 15617200.00 ns, 3.7234 ns/op
OverheadActual  10: 4194304 op, 17180900.00 ns, 4.0962 ns/op
OverheadActual  11: 4194304 op, 15582800.00 ns, 3.7152 ns/op
OverheadActual  12: 4194304 op, 14825200.00 ns, 3.5346 ns/op
OverheadActual  13: 4194304 op, 13622500.00 ns, 3.2479 ns/op
OverheadActual  14: 4194304 op, 12588600.00 ns, 3.0014 ns/op
OverheadActual  15: 4194304 op, 12685400.00 ns, 3.0244 ns/op
OverheadActual  16: 4194304 op, 12755700.00 ns, 3.0412 ns/op
OverheadActual  17: 4194304 op, 12777400.00 ns, 3.0464 ns/op
OverheadActual  18: 4194304 op, 12791000.00 ns, 3.0496 ns/op
OverheadActual  19: 4194304 op, 12889300.00 ns, 3.0730 ns/op
OverheadActual  20: 4194304 op, 12769600.00 ns, 3.0445 ns/op

WorkloadWarmup   1: 4194304 op, 723232600.00 ns, 172.4321 ns/op
WorkloadWarmup   2: 4194304 op, 723684400.00 ns, 172.5398 ns/op
WorkloadWarmup   3: 4194304 op, 720949300.00 ns, 171.8877 ns/op
WorkloadWarmup   4: 4194304 op, 724933900.00 ns, 172.8377 ns/op
WorkloadWarmup   5: 4194304 op, 714946000.00 ns, 170.4564 ns/op
WorkloadWarmup   6: 4194304 op, 734482700.00 ns, 175.1143 ns/op

// BeforeActualRun
WorkloadActual   1: 4194304 op, 721581200.00 ns, 172.0384 ns/op
WorkloadActual   2: 4194304 op, 720971700.00 ns, 171.8930 ns/op
WorkloadActual   3: 4194304 op, 713510000.00 ns, 170.1140 ns/op
WorkloadActual   4: 4194304 op, 719232600.00 ns, 171.4784 ns/op
WorkloadActual   5: 4194304 op, 711437200.00 ns, 169.6198 ns/op
WorkloadActual   6: 4194304 op, 713918400.00 ns, 170.2114 ns/op
WorkloadActual   7: 4194304 op, 715698400.00 ns, 170.6358 ns/op
WorkloadActual   8: 4194304 op, 711742700.00 ns, 169.6927 ns/op
WorkloadActual   9: 4194304 op, 714943500.00 ns, 170.4558 ns/op
WorkloadActual  10: 4194304 op, 712132600.00 ns, 169.7856 ns/op
WorkloadActual  11: 4194304 op, 713980000.00 ns, 170.2261 ns/op
WorkloadActual  12: 4194304 op, 725873400.00 ns, 173.0617 ns/op
WorkloadActual  13: 4194304 op, 742344500.00 ns, 176.9887 ns/op
WorkloadActual  14: 4194304 op, 747110300.00 ns, 178.1250 ns/op
WorkloadActual  15: 4194304 op, 737073900.00 ns, 175.7321 ns/op

// AfterActualRun
WorkloadResult   1: 4194304 op, 707007200.00 ns, 168.5637 ns/op
WorkloadResult   2: 4194304 op, 706397700.00 ns, 168.4183 ns/op
WorkloadResult   3: 4194304 op, 698936000.00 ns, 166.6393 ns/op
WorkloadResult   4: 4194304 op, 704658600.00 ns, 168.0037 ns/op
WorkloadResult   5: 4194304 op, 696863200.00 ns, 166.1451 ns/op
WorkloadResult   6: 4194304 op, 699344400.00 ns, 166.7367 ns/op
WorkloadResult   7: 4194304 op, 701124400.00 ns, 167.1611 ns/op
WorkloadResult   8: 4194304 op, 697168700.00 ns, 166.2180 ns/op
WorkloadResult   9: 4194304 op, 700369500.00 ns, 166.9811 ns/op
WorkloadResult  10: 4194304 op, 697558600.00 ns, 166.3109 ns/op
WorkloadResult  11: 4194304 op, 699406000.00 ns, 166.7514 ns/op
WorkloadResult  12: 4194304 op, 711299400.00 ns, 169.5870 ns/op
WorkloadResult  13: 4194304 op, 722499900.00 ns, 172.2574 ns/op
// GC:  221 0 0 1040188128 4194304
// Threading:  0 0 4194304

// AfterAll
// Benchmark Process 1236 has exited with code 0.

Mean = 167.675 ns, StdErr = 0.480 ns (0.29%), N = 13, StdDev = 1.732 ns
Min = 166.145 ns, Q1 = 166.639 ns, Median = 166.981 ns, Q3 = 168.418 ns, Max = 172.257 ns
IQR = 1.779 ns, LowerFence = 163.971 ns, UpperFence = 171.087 ns
ConfidenceInterval = [165.601 ns; 169.749 ns] (CI 99.9%), Margin = 2.074 ns (1.24% of Mean)
Skewness = 1.36, Kurtosis = 4.04, MValue = 2

// ** Remained 0 (0,0 %) benchmark(s) to run. Estimated finish 2026-09-07 20:52 (0h 0m from now) **
Successfully reverted power plan (GUID: 8c5e7fda-e8bf-4a96-9a85-a6e23a8c635c FriendlyName: Высокая производительность)
// ***** BenchmarkRunner: Finish  *****

// * Export *
  prerequisites\NBomber_Reports\2026_09_07-20_51_09_bench\results\HotelMigrationCache.Benchmarks.Benchmarks.CloudProfileDataSerializationBenchmark-report.csv
  prerequisites\NBomber_Reports\2026_09_07-20_51_09_bench\results\HotelMigrationCache.Benchmarks.Benchmarks.CloudProfileDataSerializationBenchmark-report-github.md
  prerequisites\NBomber_Reports\2026_09_07-20_51_09_bench\results\HotelMigrationCache.Benchmarks.Benchmarks.CloudProfileDataSerializationBenchmark-report.html

// * Detailed results *
CloudProfileDataSerializationBenchmark.SystemTextJson: DefaultJob
Runtime = .NET 10.0.11 (10.0.1126.37416), X64 RyuJIT AVX2; GC = Concurrent Workstation
Mean = 515.290 ns, StdErr = 0.498 ns (0.10%), N = 13, StdDev = 1.794 ns
Min = 512.800 ns, Q1 = 514.091 ns, Median = 514.858 ns, Q3 = 516.119 ns, Max = 519.074 ns
IQR = 2.028 ns, LowerFence = 511.048 ns, UpperFence = 519.161 ns
ConfidenceInterval = [513.141 ns; 517.438 ns] (CI 99.9%), Margin = 2.148 ns (0.42% of Mean)
Skewness = 0.47, Kurtosis = 2.27, MValue = 2
-------------------- Histogram --------------------
[511.799 ns ; 520.075 ns) | @@@@@@@@@@@@@
---------------------------------------------------

CloudProfileDataSerializationBenchmark.GeneratedBinary: DefaultJob
Runtime = .NET 10.0.11 (10.0.1126.37416), X64 RyuJIT AVX2; GC = Concurrent Workstation
Mean = 192.544 ns, StdErr = 0.222 ns (0.12%), N = 14, StdDev = 0.829 ns
Min = 191.521 ns, Q1 = 191.938 ns, Median = 192.489 ns, Q3 = 193.080 ns, Max = 194.443 ns
IQR = 1.143 ns, LowerFence = 190.224 ns, UpperFence = 194.794 ns
ConfidenceInterval = [191.609 ns; 193.479 ns] (CI 99.9%), Margin = 0.935 ns (0.49% of Mean)
Skewness = 0.56, Kurtosis = 2.56, MValue = 2
-------------------- Histogram --------------------
[191.070 ns ; 194.894 ns) | @@@@@@@@@@@@@@
---------------------------------------------------

CloudProfileDataSerializationBenchmark.GeneratedBinaryPooled: DefaultJob
Runtime = .NET 10.0.11 (10.0.1126.37416), X64 RyuJIT AVX2; GC = Concurrent Workstation
Mean = 167.675 ns, StdErr = 0.480 ns (0.29%), N = 13, StdDev = 1.732 ns
Min = 166.145 ns, Q1 = 166.639 ns, Median = 166.981 ns, Q3 = 168.418 ns, Max = 172.257 ns
IQR = 1.779 ns, LowerFence = 163.971 ns, UpperFence = 171.087 ns
ConfidenceInterval = [165.601 ns; 169.749 ns] (CI 99.9%), Margin = 2.074 ns (1.24% of Mean)
Skewness = 1.36, Kurtosis = 4.04, MValue = 2
-------------------- Histogram --------------------
[165.404 ns ; 173.224 ns) | @@@@@@@@@@@@@
---------------------------------------------------

// * Summary *

BenchmarkDotNet v0.14.0, Windows 11 (10.0.26200.9278)
Unknown processor
.NET SDK 10.0.400
  [Host]     : .NET 10.0.11 (10.0.1126.37416), X64 RyuJIT AVX2
  DefaultJob : .NET 10.0.11 (10.0.1126.37416), X64 RyuJIT AVX2


| Method                | Mean     | Error   | StdDev  | Ratio | Gen0   | Allocated | Alloc Ratio |
|---------------------- |---------:|--------:|--------:|------:|-------:|----------:|------------:|
| SystemTextJson        | 515.3 ns | 2.15 ns | 1.79 ns |  1.00 | 0.0658 |     312 B |        1.00 |
| GeneratedBinary       | 192.5 ns | 0.94 ns | 0.83 ns |  0.37 | 0.1121 |     528 B |        1.69 |
| GeneratedBinaryPooled | 167.7 ns | 2.07 ns | 1.73 ns |  0.33 | 0.0527 |     248 B |        0.79 |

// * Hints *
Outliers
  CloudProfileDataSerializationBenchmark.SystemTextJson: Default        -> 2 outliers were removed (522.05 ns, 532.15 ns)
  CloudProfileDataSerializationBenchmark.GeneratedBinary: Default       -> 1 outlier  was  removed (201.78 ns)
  CloudProfileDataSerializationBenchmark.GeneratedBinaryPooled: Default -> 2 outliers were removed (176.99 ns, 178.12 ns)

// * Legends *
  Mean        : Arithmetic mean of all measurements
  Error       : Half of 99.9% confidence interval
  StdDev      : Standard deviation of all measurements
  Ratio       : Mean of the ratio distribution ([Current]/[Baseline])
  Gen0        : GC Generation 0 collects per 1000 operations
  Allocated   : Allocated memory per single operation (managed only, inclusive, 1KB = 1024B)
  Alloc Ratio : Allocated memory ratio distribution ([Current]/[Baseline])
  1 ns        : 1 Nanosecond (0.000000001 sec)

// * Diagnostic Output - MemoryDiagnoser *


// ***** BenchmarkRunner: End *****
Run time: 00:00:54 (54.8 sec), executed benchmarks: 3

Global total time: 00:01:10 (70.52 sec), executed benchmarks: 3
// * Artifacts cleanup *
Artifacts cleanup is finished
