// Validating benchmarks:
// ***** BenchmarkRunner: Start   *****
// ***** Found 3 benchmark(s) in total *****
// ***** Building 1 exe(s) in Parallel: Start   *****
// start dotnet  restore /p:UseSharedCompilation=false /p:BuildInParallel=false /m:1 /p:Deterministic=true /p:Optimize=true /p:IntermediateOutputPath="C:\Develop\.NET\HotelMigrationCache\src\HotelMigrationCache.Benchmarks\bin\Release\net10.0\0852cf36-4b98-4a57-877b-1de9380b1577\obj\Release\net10.0/" /p:OutDir="C:\Develop\.NET\HotelMigrationCache\src\HotelMigrationCache.Benchmarks\bin\Release\net10.0\0852cf36-4b98-4a57-877b-1de9380b1577\bin\Release\net10.0/" /p:OutputPath="C:\Develop\.NET\HotelMigrationCache\src\HotelMigrationCache.Benchmarks\bin\Release\net10.0\0852cf36-4b98-4a57-877b-1de9380b1577\bin\Release\net10.0/" in C:\Develop\.NET\HotelMigrationCache\src\HotelMigrationCache.Benchmarks\bin\Release\net10.0\0852cf36-4b98-4a57-877b-1de9380b1577
// command took 3.22 sec and exited with 0
// start dotnet  build -c Release --no-restore /p:UseSharedCompilation=false /p:BuildInParallel=false /m:1 /p:Deterministic=true /p:Optimize=true /p:IntermediateOutputPath="C:\Develop\.NET\HotelMigrationCache\src\HotelMigrationCache.Benchmarks\bin\Release\net10.0\0852cf36-4b98-4a57-877b-1de9380b1577\obj\Release\net10.0/" /p:OutDir="C:\Develop\.NET\HotelMigrationCache\src\HotelMigrationCache.Benchmarks\bin\Release\net10.0\0852cf36-4b98-4a57-877b-1de9380b1577\bin\Release\net10.0/" /p:OutputPath="C:\Develop\.NET\HotelMigrationCache\src\HotelMigrationCache.Benchmarks\bin\Release\net10.0\0852cf36-4b98-4a57-877b-1de9380b1577\bin\Release\net10.0/" --output "C:\Develop\.NET\HotelMigrationCache\src\HotelMigrationCache.Benchmarks\bin\Release\net10.0\0852cf36-4b98-4a57-877b-1de9380b1577\bin\Release\net10.0/" in C:\Develop\.NET\HotelMigrationCache\src\HotelMigrationCache.Benchmarks\bin\Release\net10.0\0852cf36-4b98-4a57-877b-1de9380b1577
// command took 12.38 sec and exited with 0
// ***** Done, took 00:00:15 (15.69 sec)   *****
// Found 3 benchmarks:
//   CloudProfileDataSerializationBenchmark.SystemTextJson: DefaultJob
//   CloudProfileDataSerializationBenchmark.GeneratedBinary: DefaultJob
//   CloudProfileDataSerializationBenchmark.GeneratedBinaryPooled: DefaultJob

Setup power plan (GUID: 8c5e7fda-e8bf-4a96-9a85-a6e23a8c635c FriendlyName: Высокая производительность)
// **************************
// Benchmark: CloudProfileDataSerializationBenchmark.SystemTextJson: DefaultJob
// *** Execute ***
// Launch: 1 / 1
// Execute: dotnet 0852cf36-4b98-4a57-877b-1de9380b1577.dll --anonymousPipes 1488 1492 --benchmarkName HotelMigrationCache.Benchmarks.Benchmarks.CloudProfileDataSerializationBenchmark.SystemTextJson --job Default --benchmarkId 0 in C:\Develop\.NET\HotelMigrationCache\src\HotelMigrationCache.Benchmarks\bin\Release\net10.0\0852cf36-4b98-4a57-877b-1de9380b1577\bin\Release\net10.0
// BeforeAnythingElse

// Benchmark Process Environment Information:
// BenchmarkDotNet v0.14.0
// Runtime=.NET 10.0.11 (10.0.1126.37416), X64 RyuJIT AVX2
// GC=Concurrent Workstation
// HardwareIntrinsics=AVX2,AES,BMI1,BMI2,FMA,LZCNT,PCLMUL,POPCNT VectorSize=256
// Job: DefaultJob

OverheadJitting  1: 1 op, 334200.00 ns, 334.2000 us/op
WorkloadJitting  1: 1 op, 33899100.00 ns, 33.8991 ms/op

WorkloadPilot    1: 2 op, 117200.00 ns, 58.6000 us/op
WorkloadPilot    2: 3 op, 37800.00 ns, 12.6000 us/op
WorkloadPilot    3: 4 op, 22300.00 ns, 5.5750 us/op
WorkloadPilot    4: 5 op, 20400.00 ns, 4.0800 us/op
WorkloadPilot    5: 6 op, 21200.00 ns, 3.5333 us/op
WorkloadPilot    6: 7 op, 22700.00 ns, 3.2429 us/op
WorkloadPilot    7: 8 op, 26500.00 ns, 3.3125 us/op
WorkloadPilot    8: 9 op, 33900.00 ns, 3.7667 us/op
WorkloadPilot    9: 10 op, 31500.00 ns, 3.1500 us/op
WorkloadPilot   10: 11 op, 29100.00 ns, 2.6455 us/op
WorkloadPilot   11: 12 op, 33600.00 ns, 2.8000 us/op
WorkloadPilot   12: 13 op, 42300.00 ns, 3.2538 us/op
WorkloadPilot   13: 14 op, 42500.00 ns, 3.0357 us/op
WorkloadPilot   14: 15 op, 47400.00 ns, 3.1600 us/op
WorkloadPilot   15: 16 op, 47100.00 ns, 2.9438 us/op
WorkloadPilot   16: 32 op, 75100.00 ns, 2.3469 us/op
WorkloadPilot   17: 64 op, 142600.00 ns, 2.2281 us/op
WorkloadPilot   18: 128 op, 259000.00 ns, 2.0234 us/op
WorkloadPilot   19: 256 op, 679900.00 ns, 2.6559 us/op
WorkloadPilot   20: 512 op, 965500.00 ns, 1.8857 us/op
WorkloadPilot   21: 1024 op, 1879800.00 ns, 1.8357 us/op
WorkloadPilot   22: 2048 op, 3808200.00 ns, 1.8595 us/op
WorkloadPilot   23: 4096 op, 7383300.00 ns, 1.8026 us/op
WorkloadPilot   24: 8192 op, 14506300.00 ns, 1.7708 us/op
WorkloadPilot   25: 16384 op, 30760000.00 ns, 1.8774 us/op
WorkloadPilot   26: 32768 op, 57624000.00 ns, 1.7585 us/op
WorkloadPilot   27: 65536 op, 142508000.00 ns, 2.1745 us/op
WorkloadPilot   28: 131072 op, 210958500.00 ns, 1.6095 us/op
WorkloadPilot   29: 262144 op, 174263600.00 ns, 664.7629 ns/op
WorkloadPilot   30: 524288 op, 276744600.00 ns, 527.8484 ns/op
WorkloadPilot   31: 1048576 op, 555081400.00 ns, 529.3669 ns/op

WorkloadWarmup   1: 1048576 op, 555849800.00 ns, 530.0997 ns/op
WorkloadWarmup   2: 1048576 op, 556542300.00 ns, 530.7601 ns/op
WorkloadWarmup   3: 1048576 op, 553627700.00 ns, 527.9805 ns/op
WorkloadWarmup   4: 1048576 op, 552611900.00 ns, 527.0118 ns/op
WorkloadWarmup   5: 1048576 op, 558169000.00 ns, 532.3114 ns/op
WorkloadWarmup   6: 1048576 op, 555893500.00 ns, 530.1414 ns/op

// BeforeActualRun
WorkloadActual   1: 1048576 op, 552473100.00 ns, 526.8794 ns/op
WorkloadActual   2: 1048576 op, 552921000.00 ns, 527.3066 ns/op
WorkloadActual   3: 1048576 op, 564661000.00 ns, 538.5027 ns/op
WorkloadActual   4: 1048576 op, 561535800.00 ns, 535.5223 ns/op
WorkloadActual   5: 1048576 op, 558816000.00 ns, 532.9285 ns/op
WorkloadActual   6: 1048576 op, 552019600.00 ns, 526.4469 ns/op
WorkloadActual   7: 1048576 op, 560101800.00 ns, 534.1547 ns/op
WorkloadActual   8: 1048576 op, 556898800.00 ns, 531.1001 ns/op
WorkloadActual   9: 1048576 op, 556328400.00 ns, 530.5561 ns/op
WorkloadActual  10: 1048576 op, 552852900.00 ns, 527.2416 ns/op
WorkloadActual  11: 1048576 op, 558439400.00 ns, 532.5693 ns/op
WorkloadActual  12: 1048576 op, 565866400.00 ns, 539.6523 ns/op
WorkloadActual  13: 1048576 op, 561265500.00 ns, 535.2645 ns/op
WorkloadActual  14: 1048576 op, 566118900.00 ns, 539.8931 ns/op
WorkloadActual  15: 1048576 op, 564482900.00 ns, 538.3328 ns/op

// AfterActualRun
WorkloadResult   1: 1048576 op, 552473100.00 ns, 526.8794 ns/op
WorkloadResult   2: 1048576 op, 552921000.00 ns, 527.3066 ns/op
WorkloadResult   3: 1048576 op, 564661000.00 ns, 538.5027 ns/op
WorkloadResult   4: 1048576 op, 561535800.00 ns, 535.5223 ns/op
WorkloadResult   5: 1048576 op, 558816000.00 ns, 532.9285 ns/op
WorkloadResult   6: 1048576 op, 552019600.00 ns, 526.4469 ns/op
WorkloadResult   7: 1048576 op, 560101800.00 ns, 534.1547 ns/op
WorkloadResult   8: 1048576 op, 556898800.00 ns, 531.1001 ns/op
WorkloadResult   9: 1048576 op, 556328400.00 ns, 530.5561 ns/op
WorkloadResult  10: 1048576 op, 552852900.00 ns, 527.2416 ns/op
WorkloadResult  11: 1048576 op, 558439400.00 ns, 532.5693 ns/op
WorkloadResult  12: 1048576 op, 565866400.00 ns, 539.6523 ns/op
WorkloadResult  13: 1048576 op, 561265500.00 ns, 535.2645 ns/op
WorkloadResult  14: 1048576 op, 566118900.00 ns, 539.8931 ns/op
WorkloadResult  15: 1048576 op, 564482900.00 ns, 538.3328 ns/op
// GC:  69 0 0 327156784 1048576
// Threading:  0 0 1048576

// AfterAll
// Benchmark Process 24828 has exited with code 0.

Mean = 533.090 ns, StdErr = 1.232 ns (0.23%), N = 15, StdDev = 4.773 ns
Min = 526.447 ns, Q1 = 528.931 ns, Median = 532.928 ns, Q3 = 536.928 ns, Max = 539.893 ns
IQR = 7.996 ns, LowerFence = 516.937 ns, UpperFence = 548.922 ns
ConfidenceInterval = [527.987 ns; 538.193 ns] (CI 99.9%), Margin = 5.103 ns (0.96% of Mean)
Skewness = -0.02, Kurtosis = 1.47, MValue = 2

// ** Remained 2 (66,7 %) benchmark(s) to run. Estimated finish 2026-09-08 20:22 (0h 0m from now) **
Setup power plan (GUID: 8c5e7fda-e8bf-4a96-9a85-a6e23a8c635c FriendlyName: Высокая производительность)
// **************************
// Benchmark: CloudProfileDataSerializationBenchmark.GeneratedBinary: DefaultJob
// *** Execute ***
// Launch: 1 / 1
// Execute: dotnet 0852cf36-4b98-4a57-877b-1de9380b1577.dll --anonymousPipes 1484 1492 --benchmarkName HotelMigrationCache.Benchmarks.Benchmarks.CloudProfileDataSerializationBenchmark.GeneratedBinary --job Default --benchmarkId 1 in C:\Develop\.NET\HotelMigrationCache\src\HotelMigrationCache.Benchmarks\bin\Release\net10.0\0852cf36-4b98-4a57-877b-1de9380b1577\bin\Release\net10.0
// BeforeAnythingElse

// Benchmark Process Environment Information:
// BenchmarkDotNet v0.14.0
// Runtime=.NET 10.0.11 (10.0.1126.37416), X64 RyuJIT AVX2
// GC=Concurrent Workstation
// HardwareIntrinsics=AVX2,AES,BMI1,BMI2,FMA,LZCNT,PCLMUL,POPCNT VectorSize=256
// Job: DefaultJob

OverheadJitting  1: 1 op, 341000.00 ns, 341.0000 us/op
WorkloadJitting  1: 1 op, 1227300.00 ns, 1.2273 ms/op

OverheadJitting  2: 16 op, 548900.00 ns, 34.3063 us/op
WorkloadJitting  2: 16 op, 670000.00 ns, 41.8750 us/op

WorkloadPilot    1: 16 op, 14100.00 ns, 881.2500 ns/op
WorkloadPilot    2: 32 op, 21100.00 ns, 659.3750 ns/op
WorkloadPilot    3: 64 op, 44600.00 ns, 696.8750 ns/op
WorkloadPilot    4: 128 op, 82200.00 ns, 642.1875 ns/op
WorkloadPilot    5: 256 op, 160700.00 ns, 627.7344 ns/op
WorkloadPilot    6: 512 op, 298700.00 ns, 583.3984 ns/op
WorkloadPilot    7: 1024 op, 549900.00 ns, 537.0117 ns/op
WorkloadPilot    8: 2048 op, 1182600.00 ns, 577.4414 ns/op
WorkloadPilot    9: 4096 op, 2218400.00 ns, 541.6016 ns/op
WorkloadPilot   10: 8192 op, 4438200.00 ns, 541.7725 ns/op
WorkloadPilot   11: 16384 op, 6840400.00 ns, 417.5049 ns/op
WorkloadPilot   12: 32768 op, 12125900.00 ns, 370.0531 ns/op
WorkloadPilot   13: 65536 op, 23746700.00 ns, 362.3459 ns/op
WorkloadPilot   14: 131072 op, 47340300.00 ns, 361.1778 ns/op
WorkloadPilot   15: 262144 op, 110247300.00 ns, 420.5601 ns/op
WorkloadPilot   16: 524288 op, 113097800.00 ns, 215.7169 ns/op
WorkloadPilot   17: 1048576 op, 215466400.00 ns, 205.4848 ns/op
WorkloadPilot   18: 2097152 op, 401955400.00 ns, 191.6673 ns/op
WorkloadPilot   19: 4194304 op, 802817900.00 ns, 191.4067 ns/op

OverheadWarmup   1: 4194304 op, 14496200.00 ns, 3.4562 ns/op
OverheadWarmup   2: 4194304 op, 14557000.00 ns, 3.4707 ns/op
OverheadWarmup   3: 4194304 op, 14566400.00 ns, 3.4729 ns/op
OverheadWarmup   4: 4194304 op, 14717300.00 ns, 3.5089 ns/op
OverheadWarmup   5: 4194304 op, 15529400.00 ns, 3.7025 ns/op
OverheadWarmup   6: 4194304 op, 14749200.00 ns, 3.5165 ns/op
OverheadWarmup   7: 4194304 op, 15476100.00 ns, 3.6898 ns/op
OverheadWarmup   8: 4194304 op, 14791000.00 ns, 3.5264 ns/op

OverheadActual   1: 4194304 op, 14805400.00 ns, 3.5299 ns/op
OverheadActual   2: 4194304 op, 14843500.00 ns, 3.5390 ns/op
OverheadActual   3: 4194304 op, 14745700.00 ns, 3.5156 ns/op
OverheadActual   4: 4194304 op, 14832600.00 ns, 3.5364 ns/op
OverheadActual   5: 4194304 op, 14794700.00 ns, 3.5273 ns/op
OverheadActual   6: 4194304 op, 15036600.00 ns, 3.5850 ns/op
OverheadActual   7: 4194304 op, 14810100.00 ns, 3.5310 ns/op
OverheadActual   8: 4194304 op, 14846300.00 ns, 3.5396 ns/op
OverheadActual   9: 4194304 op, 14749400.00 ns, 3.5165 ns/op
OverheadActual  10: 4194304 op, 14736600.00 ns, 3.5135 ns/op
OverheadActual  11: 4194304 op, 14698300.00 ns, 3.5043 ns/op
OverheadActual  12: 4194304 op, 14792800.00 ns, 3.5269 ns/op
OverheadActual  13: 4194304 op, 14833200.00 ns, 3.5365 ns/op
OverheadActual  14: 4194304 op, 13003900.00 ns, 3.1004 ns/op
OverheadActual  15: 4194304 op, 12924300.00 ns, 3.0814 ns/op
OverheadActual  16: 4194304 op, 13317400.00 ns, 3.1751 ns/op
OverheadActual  17: 4194304 op, 13464800.00 ns, 3.2103 ns/op

WorkloadWarmup   1: 4194304 op, 816126400.00 ns, 194.5797 ns/op
WorkloadWarmup   2: 4194304 op, 805731000.00 ns, 192.1012 ns/op
WorkloadWarmup   3: 4194304 op, 801473500.00 ns, 191.0862 ns/op
WorkloadWarmup   4: 4194304 op, 802404600.00 ns, 191.3082 ns/op
WorkloadWarmup   5: 4194304 op, 807706600.00 ns, 192.5723 ns/op
WorkloadWarmup   6: 4194304 op, 801450800.00 ns, 191.0808 ns/op
WorkloadWarmup   7: 4194304 op, 802679100.00 ns, 191.3736 ns/op
WorkloadWarmup   8: 4194304 op, 808071800.00 ns, 192.6593 ns/op
WorkloadWarmup   9: 4194304 op, 802218200.00 ns, 191.2637 ns/op

// BeforeActualRun
WorkloadActual   1: 4194304 op, 803324100.00 ns, 191.5274 ns/op
WorkloadActual   2: 4194304 op, 806414900.00 ns, 192.2643 ns/op
WorkloadActual   3: 4194304 op, 800266900.00 ns, 190.7985 ns/op
WorkloadActual   4: 4194304 op, 801836000.00 ns, 191.1726 ns/op
WorkloadActual   5: 4194304 op, 805804100.00 ns, 192.1187 ns/op
WorkloadActual   6: 4194304 op, 799041700.00 ns, 190.5064 ns/op
WorkloadActual   7: 4194304 op, 805093200.00 ns, 191.9492 ns/op
WorkloadActual   8: 4194304 op, 801278800.00 ns, 191.0398 ns/op
WorkloadActual   9: 4194304 op, 807653200.00 ns, 192.5595 ns/op
WorkloadActual  10: 4194304 op, 797596100.00 ns, 190.1617 ns/op
WorkloadActual  11: 4194304 op, 809761400.00 ns, 193.0622 ns/op
WorkloadActual  12: 4194304 op, 801459800.00 ns, 191.0829 ns/op
WorkloadActual  13: 4194304 op, 799428500.00 ns, 190.5986 ns/op
WorkloadActual  14: 4194304 op, 805896200.00 ns, 192.1406 ns/op
WorkloadActual  15: 4194304 op, 802994400.00 ns, 191.4488 ns/op

// AfterActualRun
WorkloadResult   1: 4194304 op, 788531300.00 ns, 188.0005 ns/op
WorkloadResult   2: 4194304 op, 791622100.00 ns, 188.7374 ns/op
WorkloadResult   3: 4194304 op, 785474100.00 ns, 187.2716 ns/op
WorkloadResult   4: 4194304 op, 787043200.00 ns, 187.6457 ns/op
WorkloadResult   5: 4194304 op, 791011300.00 ns, 188.5918 ns/op
WorkloadResult   6: 4194304 op, 784248900.00 ns, 186.9795 ns/op
WorkloadResult   7: 4194304 op, 790300400.00 ns, 188.4223 ns/op
WorkloadResult   8: 4194304 op, 786486000.00 ns, 187.5129 ns/op
WorkloadResult   9: 4194304 op, 792860400.00 ns, 189.0326 ns/op
WorkloadResult  10: 4194304 op, 782803300.00 ns, 186.6349 ns/op
WorkloadResult  11: 4194304 op, 794968600.00 ns, 189.5353 ns/op
WorkloadResult  12: 4194304 op, 786667000.00 ns, 187.5560 ns/op
WorkloadResult  13: 4194304 op, 784635700.00 ns, 187.0717 ns/op
WorkloadResult  14: 4194304 op, 791103400.00 ns, 188.6137 ns/op
WorkloadResult  15: 4194304 op, 788201600.00 ns, 187.9219 ns/op
// GC:  470 0 0 2214592912 4194304
// Threading:  0 0 4194304

// AfterAll
// Benchmark Process 23408 has exited with code 0.

Mean = 187.969 ns, StdErr = 0.215 ns (0.11%), N = 15, StdDev = 0.833 ns
Min = 186.635 ns, Q1 = 187.392 ns, Median = 187.922 ns, Q3 = 188.603 ns, Max = 189.535 ns
IQR = 1.211 ns, LowerFence = 185.576 ns, UpperFence = 190.419 ns
ConfidenceInterval = [187.078 ns; 188.859 ns] (CI 99.9%), Margin = 0.891 ns (0.47% of Mean)
Skewness = 0.17, Kurtosis = 1.81, MValue = 2

// ** Remained 1 (33,3 %) benchmark(s) to run. Estimated finish 2026-09-08 20:22 (0h 0m from now) **
Setup power plan (GUID: 8c5e7fda-e8bf-4a96-9a85-a6e23a8c635c FriendlyName: Высокая производительность)
// **************************
// Benchmark: CloudProfileDataSerializationBenchmark.GeneratedBinaryPooled: DefaultJob
// *** Execute ***
// Launch: 1 / 1
// Execute: dotnet 0852cf36-4b98-4a57-877b-1de9380b1577.dll --anonymousPipes 1532 1304 --benchmarkName HotelMigrationCache.Benchmarks.Benchmarks.CloudProfileDataSerializationBenchmark.GeneratedBinaryPooled --job Default --benchmarkId 2 in C:\Develop\.NET\HotelMigrationCache\src\HotelMigrationCache.Benchmarks\bin\Release\net10.0\0852cf36-4b98-4a57-877b-1de9380b1577\bin\Release\net10.0
// BeforeAnythingElse

// Benchmark Process Environment Information:
// BenchmarkDotNet v0.14.0
// Runtime=.NET 10.0.11 (10.0.1126.37416), X64 RyuJIT AVX2
// GC=Concurrent Workstation
// HardwareIntrinsics=AVX2,AES,BMI1,BMI2,FMA,LZCNT,PCLMUL,POPCNT VectorSize=256
// Job: DefaultJob

OverheadJitting  1: 1 op, 324900.00 ns, 324.9000 us/op
WorkloadJitting  1: 1 op, 1356600.00 ns, 1.3566 ms/op

OverheadJitting  2: 16 op, 550700.00 ns, 34.4188 us/op
WorkloadJitting  2: 16 op, 554300.00 ns, 34.6438 us/op

WorkloadPilot    1: 16 op, 11300.00 ns, 706.2500 ns/op
WorkloadPilot    2: 32 op, 14500.00 ns, 453.1250 ns/op
WorkloadPilot    3: 64 op, 24200.00 ns, 378.1250 ns/op
WorkloadPilot    4: 128 op, 68800.00 ns, 537.5000 ns/op
WorkloadPilot    5: 256 op, 136500.00 ns, 533.2031 ns/op
WorkloadPilot    6: 512 op, 250000.00 ns, 488.2813 ns/op
WorkloadPilot    7: 1024 op, 465400.00 ns, 454.4922 ns/op
WorkloadPilot    8: 2048 op, 892000.00 ns, 435.5469 ns/op
WorkloadPilot    9: 4096 op, 1809300.00 ns, 441.7236 ns/op
WorkloadPilot   10: 8192 op, 3617900.00 ns, 441.6382 ns/op
WorkloadPilot   11: 16384 op, 6866700.00 ns, 419.1101 ns/op
WorkloadPilot   12: 32768 op, 12536900.00 ns, 382.5958 ns/op
WorkloadPilot   13: 65536 op, 22804900.00 ns, 347.9752 ns/op
WorkloadPilot   14: 131072 op, 48013800.00 ns, 366.3162 ns/op
WorkloadPilot   15: 262144 op, 90675200.00 ns, 345.8984 ns/op
WorkloadPilot   16: 524288 op, 119547300.00 ns, 228.0184 ns/op
WorkloadPilot   17: 1048576 op, 186451800.00 ns, 177.8143 ns/op
WorkloadPilot   18: 2097152 op, 354328800.00 ns, 168.9571 ns/op
WorkloadPilot   19: 4194304 op, 703857400.00 ns, 167.8127 ns/op

OverheadWarmup   1: 4194304 op, 14725400.00 ns, 3.5108 ns/op
OverheadWarmup   2: 4194304 op, 14634800.00 ns, 3.4892 ns/op
OverheadWarmup   3: 4194304 op, 15075700.00 ns, 3.5943 ns/op
OverheadWarmup   4: 4194304 op, 14889200.00 ns, 3.5499 ns/op
OverheadWarmup   5: 4194304 op, 14822500.00 ns, 3.5340 ns/op
OverheadWarmup   6: 4194304 op, 14960100.00 ns, 3.5668 ns/op
OverheadWarmup   7: 4194304 op, 14843800.00 ns, 3.5390 ns/op

OverheadActual   1: 4194304 op, 14842600.00 ns, 3.5388 ns/op
OverheadActual   2: 4194304 op, 15022200.00 ns, 3.5816 ns/op
OverheadActual   3: 4194304 op, 14869700.00 ns, 3.5452 ns/op
OverheadActual   4: 4194304 op, 14904600.00 ns, 3.5535 ns/op
OverheadActual   5: 4194304 op, 14866900.00 ns, 3.5445 ns/op
OverheadActual   6: 4194304 op, 14883100.00 ns, 3.5484 ns/op
OverheadActual   7: 4194304 op, 14863700.00 ns, 3.5438 ns/op
OverheadActual   8: 4194304 op, 14842500.00 ns, 3.5387 ns/op
OverheadActual   9: 4194304 op, 15950900.00 ns, 3.8030 ns/op
OverheadActual  10: 4194304 op, 14890100.00 ns, 3.5501 ns/op
OverheadActual  11: 4194304 op, 14891600.00 ns, 3.5504 ns/op
OverheadActual  12: 4194304 op, 14858800.00 ns, 3.5426 ns/op
OverheadActual  13: 4194304 op, 14829300.00 ns, 3.5356 ns/op
OverheadActual  14: 4194304 op, 15902600.00 ns, 3.7915 ns/op
OverheadActual  15: 4194304 op, 12998900.00 ns, 3.0992 ns/op

WorkloadWarmup   1: 4194304 op, 710806200.00 ns, 169.4694 ns/op
WorkloadWarmup   2: 4194304 op, 701030300.00 ns, 167.1386 ns/op
WorkloadWarmup   3: 4194304 op, 706586200.00 ns, 168.4633 ns/op
WorkloadWarmup   4: 4194304 op, 710194600.00 ns, 169.3236 ns/op
WorkloadWarmup   5: 4194304 op, 714844300.00 ns, 170.4322 ns/op
WorkloadWarmup   6: 4194304 op, 734853600.00 ns, 175.2028 ns/op
WorkloadWarmup   7: 4194304 op, 721586000.00 ns, 172.0395 ns/op
WorkloadWarmup   8: 4194304 op, 707988300.00 ns, 168.7976 ns/op
WorkloadWarmup   9: 4194304 op, 705218200.00 ns, 168.1371 ns/op
WorkloadWarmup  10: 4194304 op, 714379300.00 ns, 170.3213 ns/op
WorkloadWarmup  11: 4194304 op, 702514300.00 ns, 167.4925 ns/op

// BeforeActualRun
WorkloadActual   1: 4194304 op, 722739400.00 ns, 172.3145 ns/op
WorkloadActual   2: 4194304 op, 700764900.00 ns, 167.0754 ns/op
WorkloadActual   3: 4194304 op, 703089000.00 ns, 167.6295 ns/op
WorkloadActual   4: 4194304 op, 703985000.00 ns, 167.8431 ns/op
WorkloadActual   5: 4194304 op, 708248400.00 ns, 168.8596 ns/op
WorkloadActual   6: 4194304 op, 704014400.00 ns, 167.8501 ns/op
WorkloadActual   7: 4194304 op, 701687400.00 ns, 167.2953 ns/op
WorkloadActual   8: 4194304 op, 702657000.00 ns, 167.5265 ns/op
WorkloadActual   9: 4194304 op, 705578100.00 ns, 168.2229 ns/op
WorkloadActual  10: 4194304 op, 703955100.00 ns, 167.8360 ns/op
WorkloadActual  11: 4194304 op, 707068800.00 ns, 168.5783 ns/op
WorkloadActual  12: 4194304 op, 706144400.00 ns, 168.3579 ns/op
WorkloadActual  13: 4194304 op, 706943600.00 ns, 168.5485 ns/op
WorkloadActual  14: 4194304 op, 704109300.00 ns, 167.8727 ns/op
WorkloadActual  15: 4194304 op, 703284800.00 ns, 167.6762 ns/op

// AfterActualRun
WorkloadResult   1: 4194304 op, 685895200.00 ns, 163.5302 ns/op
WorkloadResult   2: 4194304 op, 688219300.00 ns, 164.0843 ns/op
WorkloadResult   3: 4194304 op, 689115300.00 ns, 164.2979 ns/op
WorkloadResult   4: 4194304 op, 693378700.00 ns, 165.3144 ns/op
WorkloadResult   5: 4194304 op, 689144700.00 ns, 164.3049 ns/op
WorkloadResult   6: 4194304 op, 686817700.00 ns, 163.7501 ns/op
WorkloadResult   7: 4194304 op, 687787300.00 ns, 163.9813 ns/op
WorkloadResult   8: 4194304 op, 690708400.00 ns, 164.6777 ns/op
WorkloadResult   9: 4194304 op, 689085400.00 ns, 164.2908 ns/op
WorkloadResult  10: 4194304 op, 692199100.00 ns, 165.0331 ns/op
WorkloadResult  11: 4194304 op, 691274700.00 ns, 164.8127 ns/op
WorkloadResult  12: 4194304 op, 692073900.00 ns, 165.0033 ns/op
WorkloadResult  13: 4194304 op, 689239600.00 ns, 164.3275 ns/op
WorkloadResult  14: 4194304 op, 688415100.00 ns, 164.1309 ns/op
// GC:  221 0 0 1040188128 4194304
// Threading:  0 0 4194304

// AfterAll
// Benchmark Process 39232 has exited with code 0.

Mean = 164.396 ns, StdErr = 0.137 ns (0.08%), N = 14, StdDev = 0.512 ns
Min = 163.530 ns, Q1 = 164.096 ns, Median = 164.301 ns, Q3 = 164.779 ns, Max = 165.314 ns
IQR = 0.683 ns, LowerFence = 163.071 ns, UpperFence = 165.804 ns
ConfidenceInterval = [163.818 ns; 164.973 ns] (CI 99.9%), Margin = 0.578 ns (0.35% of Mean)
Skewness = 0.17, Kurtosis = 1.9, MValue = 2

// ** Remained 0 (0,0 %) benchmark(s) to run. Estimated finish 2026-09-08 20:22 (0h 0m from now) **
Successfully reverted power plan (GUID: 8c5e7fda-e8bf-4a96-9a85-a6e23a8c635c FriendlyName: Высокая производительность)
// ***** BenchmarkRunner: Finish  *****

// * Export *
  C:\Develop\.NET\HotelMigrationCache\prerequisites\NBomber_Reports\2026_09_08-20_21_00_bench\results\HotelMigrationCache.Benchmarks.Benchmarks.CloudProfileDataSerializationBenchmark-report.csv
  C:\Develop\.NET\HotelMigrationCache\prerequisites\NBomber_Reports\2026_09_08-20_21_00_bench\results\HotelMigrationCache.Benchmarks.Benchmarks.CloudProfileDataSerializationBenchmark-report-github.md
  C:\Develop\.NET\HotelMigrationCache\prerequisites\NBomber_Reports\2026_09_08-20_21_00_bench\results\HotelMigrationCache.Benchmarks.Benchmarks.CloudProfileDataSerializationBenchmark-report.html

// * Detailed results *
CloudProfileDataSerializationBenchmark.SystemTextJson: DefaultJob
Runtime = .NET 10.0.11 (10.0.1126.37416), X64 RyuJIT AVX2; GC = Concurrent Workstation
Mean = 533.090 ns, StdErr = 1.232 ns (0.23%), N = 15, StdDev = 4.773 ns
Min = 526.447 ns, Q1 = 528.931 ns, Median = 532.928 ns, Q3 = 536.928 ns, Max = 539.893 ns
IQR = 7.996 ns, LowerFence = 516.937 ns, UpperFence = 548.922 ns
ConfidenceInterval = [527.987 ns; 538.193 ns] (CI 99.9%), Margin = 5.103 ns (0.96% of Mean)
Skewness = -0.02, Kurtosis = 1.47, MValue = 2
-------------------- Histogram --------------------
[523.907 ns ; 542.433 ns) | @@@@@@@@@@@@@@@
---------------------------------------------------

CloudProfileDataSerializationBenchmark.GeneratedBinary: DefaultJob
Runtime = .NET 10.0.11 (10.0.1126.37416), X64 RyuJIT AVX2; GC = Concurrent Workstation
Mean = 187.969 ns, StdErr = 0.215 ns (0.11%), N = 15, StdDev = 0.833 ns
Min = 186.635 ns, Q1 = 187.392 ns, Median = 187.922 ns, Q3 = 188.603 ns, Max = 189.535 ns
IQR = 1.211 ns, LowerFence = 185.576 ns, UpperFence = 190.419 ns
ConfidenceInterval = [187.078 ns; 188.859 ns] (CI 99.9%), Margin = 0.891 ns (0.47% of Mean)
Skewness = 0.17, Kurtosis = 1.81, MValue = 2
-------------------- Histogram --------------------
[186.191 ns ; 189.979 ns) | @@@@@@@@@@@@@@@
---------------------------------------------------

CloudProfileDataSerializationBenchmark.GeneratedBinaryPooled: DefaultJob
Runtime = .NET 10.0.11 (10.0.1126.37416), X64 RyuJIT AVX2; GC = Concurrent Workstation
Mean = 164.396 ns, StdErr = 0.137 ns (0.08%), N = 14, StdDev = 0.512 ns
Min = 163.530 ns, Q1 = 164.096 ns, Median = 164.301 ns, Q3 = 164.779 ns, Max = 165.314 ns
IQR = 0.683 ns, LowerFence = 163.071 ns, UpperFence = 165.804 ns
ConfidenceInterval = [163.818 ns; 164.973 ns] (CI 99.9%), Margin = 0.578 ns (0.35% of Mean)
Skewness = 0.17, Kurtosis = 1.9, MValue = 2
-------------------- Histogram --------------------
[163.251 ns ; 165.593 ns) | @@@@@@@@@@@@@@
---------------------------------------------------

// * Summary *

BenchmarkDotNet v0.14.0, Windows 11 (10.0.26200.9278)
Unknown processor
.NET SDK 10.0.400
  [Host]     : .NET 10.0.11 (10.0.1126.37416), X64 RyuJIT AVX2
  DefaultJob : .NET 10.0.11 (10.0.1126.37416), X64 RyuJIT AVX2


| Method                | Mean     | Error   | StdDev  | Ratio | Gen0   | Allocated | Alloc Ratio |
|---------------------- |---------:|--------:|--------:|------:|-------:|----------:|------------:|
| SystemTextJson        | 533.1 ns | 5.10 ns | 4.77 ns |  1.00 | 0.0658 |     312 B |        1.00 |
| GeneratedBinary       | 188.0 ns | 0.89 ns | 0.83 ns |  0.35 | 0.1121 |     528 B |        1.69 |
| GeneratedBinaryPooled | 164.4 ns | 0.58 ns | 0.51 ns |  0.31 | 0.0527 |     248 B |        0.79 |

// * Hints *
Outliers
  CloudProfileDataSerializationBenchmark.GeneratedBinaryPooled: Default -> 1 outlier  was  removed (172.31 ns)

// * Legends *
  Mean        : Arithmetic mean of all measurements
  Error       : Half of 99.9% confidence interval
  StdDev      : Standard deviation of all measurements
  Ratio       : Mean of the ratio distribution ([Current]/[Baseline])
  Gen0        : GC Generation 0 collects per 1000 operations
  Allocated   : Allocated memory per single operation (managed only, inclusive, 1KB = 1024B)
  Alloc Ratio : Allocated memory ratio distribution ([Current]/[Baseline])
  1 ns        : 1 Nanosecond (0.000000001 sec)

// * Diagnostic Output - MemoryDiagnoser *


// ***** BenchmarkRunner: End *****
Run time: 00:00:58 (58.73 sec), executed benchmarks: 3

Global total time: 00:01:14 (74.69 sec), executed benchmarks: 3
// * Artifacts cleanup *
Artifacts cleanup is finished
